Typical Left-Wing Loony-Tweet ROFL -> RT @pari_passu: Go F*ck Yourselves...By Voting For Us! #HonestGOPbumperstickers #p2 #p21
#TeaParty Congress Methodically Bending the Socialist Arc of Govt Indebtedness http://bit.ly/fdjiM8 #p2 #tcot
Wisconsin Voters Quietly Canceling Socialist Public Unions' Tyranny http://bit.ly/fCAtpI GO WISC GO #p2 #tcot
@LordSpadeIndigo Nothing "Right" abt Communism. Power, Tyranny & Misery is their Game. Union of Soviet SOCIALIST Republics, prime example.
Communists Hate America http://youtu.be/hU9iCANi02o Communists Love Mind-Washed Worship http://youtu.be/H8HEPZGfmYs #p2 #tcot
@VotingAmerican LOVE IT! Shooo WEEEEE
@IASFlipadelphia The Common Man? Nothing "Common" About True Americans, Comrade. Slink back under your Rock. #p2 #tcot #teaparty
@IASFlipadelphia You Support Mao, Stalin, Marx, Castro & Kim Jong-Il. They all spew/ed the same Communist Crapola. Losers ALL. #p2 #tcot
@VotingAmerican These Socialists are scared out of their thumb sucking diapers. We Are Winning. #p2 #tcot #teaparty
.@IASFlipadelphia <-- So #UnionThug ? Still trying to "FIST" the American Middleclass, eh Comrade? Good thing you SUCK at it! #LOL #p2 #tcot
@VotingAmerican Great to See You Dear! America is being ripped from the Claws of the DEM Party. Good Work! #p2 #tcot
RT @VotingAmerican: Liberalism and Unions; the Ideology of Deception and Hate in America : http://wp.me/p11MRe-Zs #p2 #tcot #communism
@stanscates You Sir, are a liar. Red-Tinted Avatars is Code For Communists #middleclass #p2 #tcot
@Socialism4USA Lets see you laugh Comrade when Obama is FIRED 2012 :-D #p2 #tcot #teaparty
@stanscates <- When you See RED Tint on a Socialist's Avatar, it's Code For Communism #p2 #tcot
Communism: Infect the Education of Children, Incite Class Warfare, Attack the Middle Class with Job Crippling Govt Spending #p2 #tcot
@Socialism4USA <- Means COMMUNISM4USA #p2 #tcot #teaparty
@IASFlipadelphia <- Height of Hypocrisy. A Socialist Union Thug accusing a real grassroots movement of DEM Styled Astroturf ROFL #p2 #tcot
Good Morning RSB, lol @RedScareBot #p2
Defund the EPA, FCC, & Dept of "Re-Education" ; Socialist Slime Pits Gotta Go Hey Hey Ho Ho #p2 #tcot #teaparty
Communist Alert -> RT @IASFlipadelphia: #TAXTHERICH #TAXTHERICH #TAXTHERICH That is all. #p2 #economy #cripplejobcreators
Obama to "Save $1 Trillion?" By increasing taxes on job creators and spending more? No 2nd term for that DUNCE! #p2 #tcot #teaparty
San Francisco Progressives paying over $5 @ Gal for Obama-Skyrocketed Gasoline. THAT Libbies, is Social Justice! HA #p2 #tcot #teaparty
Deny Comrade Obama's ability to hold hostage American Servicemen as Political Budget Pawns. #Travesty #p2 #tcot #teaparty
@Semishark Liberals are both extreme racists and opportunists. No Birth Certificate means no Birth Certificate regardless of DNA.
@beesnguns I agree, Trump is no fool and likes a build up ;-)
Perhaps Donald Trump has obtained Obama's Birth Certificate and has been setting up Barry up for Max Effect. #p2 #tcot
.@WarOnErrorDKos: Typ Tax Evading Liberal Lawmaker <> http://bit.ly/hk5i6S  #tcot #p2 #DEMsAreCorrupt
@shrikeback A Stupidity Blast from Al Gore's Infamous Past http://bit.ly/haD3As #tcot #p2
#Obama can see His Reelection Loss from his Presidential Golf Cart, DufferOne #p2 #tcot
Juan Williams tried & failed to trash the GOP & TeaParty; No Wonder NPR canned him lol http://bit.ly/hsmfBw #p2 #tcot #budget
.@Semishark Liberals Would Be Writhing BC Doubters if Obama were Republican. Right Libbies? #lol #p2 #tcot
#HonestDEMbumperstickers "I'm a Communist" #p2 #tcot
PROOF Michael Moore aka @MMFlint is a SpaceShot -> First This: http://bit.ly/eouH04 Then This: http://bit.ly/dJij4U #wiunion #p2 #tcot
#Latino Media asking Obama uncomfortable questions; Reid must be Shocked. http://bit.ly/dZiwMv #p2 #tcot
RT @lizzwinstead: I'm touring...4 Planned Parenthood.Wanna help? #p2 //Just donated $25 in ur name to Rt2Life http://www.nrlc.org/ #p2 #tcot
@shrikeback Al Gore: Earth's core is 2 million degrees. #duh hahaha #tcot #p2
@shrikeback made me laugh! hahaha #tcot #p2
@shrikeback and anyone (you) who has that idiot Al Gore as their Avatar can't be taken seriously. #justsayin #p2 #tcot
@shrikeback I didnt bring up Obama's rump-humping past, that libtard @OxyTeabagger did. ;) #p2 #tcot
.@OxyTeabagger POTUS is bi/homosexual #LiberalCoverup #p2 #tcot
@sixmile ?  Comrade Obama took Military family wages hostage RE: DEM Govt Shutdown Threat, Libbagger. #p2 #tcot
@Teabaggersrule Liberal Racial Profiling,eh? Makes U a RACIST, now don't it? I'm a #TeaParty Race Minority, so shove it Libtard! #p2 #tcot
.@Teabaggersrule #honestDEMbumperstickers -> We Liberals really do own brown people and gays.  #p2 #tcot
#HonestDEMbumperstickers -> "It's Ok to be Racist if you are Liberal" #p2 #tcot
.@awienick #HonestDEMbumperstickers -> "Blame Me; I Voted For The Kenyan" #HonestDEMbumperstickers #p2 #tcot
.@Shaker_aphra: <- supports the #partyofFDR that made a Depression from a Recession & weakness-inspired the Pearl Harbor Attack. #p2 #tcot
I like for Progressives to block me :-) so I can block them back ;-) frigging Whitey-Hating RAAACIST Morons.  meow #p2 #tcot
@MylaReson ??? if Obama were a Republican, DEMS would be Birthers. #FACT #p2 #tcot
.@Marnus3 @msbellows @bsonder @Dave_von_Ebers <- his progressive idiot racist tweet: http://bit.ly/hjsVZG #p2 #tcot
